2022-08-14 22:14:24 [    INFO] TestImportData test_file_exist: SUCCESS (test_churn_script_logging.py:62)
2022-08-14 22:14:24 [    INFO] TestImportData test_data_shape: SUCCESS (test_churn_script_logging.py:74)
2022-08-14 22:14:24 [    INFO] TestImportData test_target_exists: SUCCESS (test_churn_script_logging.py:89)
2022-08-14 22:14:25 [    INFO] TestPerformEda test_eda_output: SUCCESS (test_churn_script_logging.py:132)
2022-08-14 22:14:25 [    INFO] TestEncoderHelper test_column_created: SUCCESS (test_churn_script_logging.py:172)
2022-08-14 22:14:25 [    INFO] TestEncoderHelper test_dataframe_shape: SUCCESS (test_churn_script_logging.py:193)
2022-08-14 22:14:25 [    INFO] TestEncoderHelper test_education_encoded_values: SUCCESS (test_churn_script_logging.py:215)
2022-08-14 22:14:25 [    INFO] TestEncoderHelper test_no_encode: SUCCESS (test_churn_script_logging.py:231)
2022-08-14 22:14:25 [    INFO] TestperformFeatureEngineering test_column_length: SUCCESS (test_churn_script_logging.py:273)
2022-08-14 22:14:25 [    INFO] TestperformFeatureEngineering test_train_test_record_shape: SUCCESS (test_churn_script_logging.py:328)
2022-08-14 22:14:25 [    INFO] TestCreateClassificationReport test_create_classification_report: SUCCESS (test_churn_script_logging.py:354)
2022-08-14 22:14:25 [    INFO] TestFeatureImportancePlot test_plot_exist: SUCCESS (test_churn_script_logging.py:387)
2022-08-14 22:14:25 [    INFO] TestTrainModels test_outputs_exists: SUCCESS (test_churn_script_logging.py:471)
